[{
  "name":"account",
  "unicode": ["\uE001"],
  "color": "#F00"
},{
  "name":"arrow-down",
  "unicode": ["\uE002"],
   "color": "#0F0"
},{
  "name":"arrow-left",
  "unicode": ["\uE003"],
  "color": null
},{
  "name":"arrow-right",
  "unicode": ["\uE004"],
  "color": "#0F0"
},{
  "name":"arrow-up",
  "unicode": ["\uE005"],
  "color": null
},{
  "name":"basket",
  "unicode": ["\uE006"],
  "color": null
},{
  "name":"close",
  "unicode": ["\uE007"],
  "color": null
},{
  "name":"minus",
  "unicode": ["\uE008"],
  "color": "#0F0F0F"
},{
  "name":"plus",
  "unicode": ["\uE009"],
  "color": null
},{
  "name":"search",
  "unicode": ["\uE00A"],
  "color": "#F7C9F8"
}]
